# Tests if we can find a single hop path

# Create a Graph
created graph graph1

# Add a node
added node n1 to graph1

# Add another node
added node n2 to graph1

# Add edge
added edge e1 from n1 to n2 in graph1

# Find path
path from n1 to n2:
n1 to n2 via e1