# Tests multiple node addition using unique data

# Create a graph
created graph graph1

# Add a node
added node n1 to graph1

# Add another node
added node n2 to graph1

# See if nodes are in graph
graph1 contains: n1 n2