# Tests a graph with no nodes

# Create the graph
created graph graph1