# Find a path with Dijkstra's algorithm when
# the path is circular

created graph simpleGraph

added node A to simpleGraph

path from A to A:
total cost: 0.000